26-02-01.10:23:09.971 [main            ] INFO  OrderServiceTest       - Starting OrderServiceTest using Java 1.8.0_472 on EkkoDeskTop with PID 61120 (started by Ekko in D:\javacode\s-pay-new\s-pay-mall-web)
26-02-01.10:23:09.971 [main            ] INFO  OrderServiceTest       - The following 1 profile is active: "dev"
26-02-01.10:23:14.214 [main            ] INFO  OrderServiceTest       - Started OrderServiceTest in 4.736 seconds (JVM running for 5.737)
26-02-01.10:23:14.601 [main            ] INFO  HikariDataSource       - HikariPool-1 - Starting...
26-02-01.10:23:14.907 [main            ] INFO  HikariDataSource       - HikariPool-1 - Start completed.
26-02-01.10:23:15.001 [scheduling-1    ] INFO  NoPayNotifyOrderJob    - 任务:检测未接收到或未正确处理的支付回调通知
26-02-01.10:23:15.226 [main            ] INFO  OrderServiceTest       - 请求参数:{"productId":"10001","userId":"xiaofuge"}
26-02-01.10:23:15.228 [main            ] INFO  OrderServiceTest       - 测试结果:{"orderId":"0582204282467052","payUrl":"<form name=\"punchout_form\" method=\"post\" action=\"https://openapi-sandbox.dl.alipaydev.com/gateway.do?charset=utf-8&method=alipay.trade.page.pay&sign=CfjYN7eNfORWIajwmdvtMPse4rH526rNElRIZnxXon%2BFObTq9uxDAMDllurUKEvzImsf6LLPsIxqnKYm1K00G0f05X6WrbS3nWyXqz0htkBdiJX9HbNv0%2ByvugWTDESgzsYjiVXYAevsQwmNAJALAx5EHtqPrEaAtX5e4xae0gtc4xIh08f%2BSBLbFaGcLN1kTVFl%2BQ2d5NH4E8gYC6DAnyKw7%2FEG8m7SNhhEC%2FFccohSpdst%2BVuDtzOJuA5QB8AD2oYuIE%2B393FzDYCu8%2Fi077fnNyQhGMDLF%2BAzSOLcw26GAHyqxeAB9u40LZnNyHV%2BJaOW4dRk%2BkSnORbvNL19HQ%3D%3D&return_url=https%3A%2F%2Fgaga.plus&notify_url=http%3A%2F%2Fekkoliu.nat100.top%2Fapi%2Fv1%2Falipay%2Falipay_notify_url&version=1.0&app_id=9021000158632718&sign_type=RSA2&timestamp=2026-02-01+10%3A23%3A15&alipay_sdk=alipay-sdk-java-4.38.157.ALL&format=json\">\n<input type=\"hidden\" name=\"biz_content\" value=\"{&quot;out_trade_no&quot;:&quot;0582204282467052&quot;,&quot;total_amount&quot;:&quot;1.68&quot;,&quot;subject&quot;:&quot;测试商品&quot;,&quot;product_code&quot;:&quot;FAST_INSTANT_TRADE_PAY&quot;}\">\n<input type=\"submit\" value=\"立即支付\" style=\"display:none\" >\n</form>\n<script>document.forms[0].submit();</script>"}
26-02-01.10:23:15.237 [SpringApplicationShutdownHook] INFO  HikariDataSource       - HikariPool-1 - Shutdown initiated...
26-02-01.10:23:15.250 [SpringApplicationShutdownHook] INFO  HikariDataSource       - HikariPool-1 - Shutdown completed.
26-02-01.10:37:51.902 [main            ] INFO  OrderServiceTest       - Starting OrderServiceTest using Java 1.8.0_472 on EkkoDeskTop with PID 71008 (started by Ekko in D:\javacode\s-pay-new\s-pay-mall-web)
26-02-01.10:37:51.902 [main            ] INFO  OrderServiceTest       - The following 1 profile is active: "dev"
26-02-01.10:37:56.015 [main            ] INFO  OrderServiceTest       - Started OrderServiceTest in 4.566 seconds (JVM running for 5.563)
26-02-01.10:37:56.395 [main            ] INFO  HikariDataSource       - HikariPool-1 - Starting...
26-02-01.10:37:56.701 [main            ] INFO  HikariDataSource       - HikariPool-1 - Start completed.
26-02-01.10:37:56.740 [main            ] INFO  OrderServiceImpl       - 创建订单-存在，存在未创建支付单订单，创建支付单开始 userId:xiaofuge productId:10001 orderId:0582204282467052
26-02-01.10:37:56.983 [main            ] INFO  OrderServiceTest       - 请求参数:{"productId":"10001","userId":"xiaofuge"}
26-02-01.10:37:56.985 [main            ] INFO  OrderServiceTest       - 测试结果:{"orderId":"0582204282467052","payUrl":"<form name=\"punchout_form\" method=\"post\" action=\"https://openapi-sandbox.dl.alipaydev.com/gateway.do?charset=utf-8&method=alipay.trade.page.pay&sign=DoUXTaNhusQp9j0zIqsi3J8Xv5fQblVw6uRyaIfmU0Uk6S0upHHlsby3NZkmZT0k8hBpYT9pyNYZH6HhW6Z7YJPGeCgeIkUIwzLmX9kk3ejlHUPX8LCMYeBMMs36RsUdByfbl9SIjY2299jsx64e%2FbAkS%2FaWwjDLoT7XujmRHkRyLow4bHehV2qs4b5NfqF9XTboppgEbKnuzY5V2dXJZp5XKAUmz0PXCbqCLFD4djvNVCMzsxXF2kHUMrMCJhr7ex1%2F9kqcm1F0lxY3%2BJFGW2m6pLy2utbDu%2FTe5jSE%2FT78x5B2uElvHgmlZ0F2p1fRDPXYYH523jc197QFsRicew%3D%3D&return_url=https%3A%2F%2Fgaga.plus&notify_url=http%3A%2F%2Fekkoliu.nat100.top%2Fapi%2Fv1%2Falipay%2Falipay_notify_url&version=1.0&app_id=9021000158632718&sign_type=RSA2&timestamp=2026-02-01+10%3A37%3A56&alipay_sdk=alipay-sdk-java-4.38.157.ALL&format=json\">\n<input type=\"hidden\" name=\"biz_content\" value=\"{&quot;out_trade_no&quot;:&quot;0582204282467052&quot;,&quot;total_amount&quot;:&quot;1.68&quot;,&quot;subject&quot;:&quot;测试商品&quot;,&quot;product_code&quot;:&quot;FAST_INSTANT_TRADE_PAY&quot;}\">\n<input type=\"submit\" value=\"立即支付\" style=\"display:none\" >\n</form>\n<script>document.forms[0].submit();</script>"}
26-02-01.10:37:57.002 [SpringApplicationShutdownHook] INFO  HikariDataSource       - HikariPool-1 - Shutdown initiated...
26-02-01.10:37:57.027 [SpringApplicationShutdownHook] INFO  HikariDataSource       - HikariPool-1 - Shutdown completed.
26-02-01.10:44:17.102 [main            ] INFO  OrderServiceTest       - Starting OrderServiceTest using Java 1.8.0_472 on EkkoDeskTop with PID 70672 (started by Ekko in D:\javacode\s-pay-new\s-pay-mall-web)
26-02-01.10:44:17.103 [main            ] INFO  OrderServiceTest       - The following 1 profile is active: "dev"
26-02-01.10:44:20.779 [main            ] INFO  OrderServiceTest       - Started OrderServiceTest in 4.154 seconds (JVM running for 5.021)
26-02-01.10:44:21.014 [scheduling-1    ] INFO  NoPayNotifyOrderJob    - 任务:检测未接收到或未正确处理的支付回调通知
26-02-01.10:44:21.120 [scheduling-1    ] INFO  HikariDataSource       - HikariPool-1 - Starting...
26-02-01.10:44:21.452 [scheduling-1    ] INFO  HikariDataSource       - HikariPool-1 - Start completed.
26-02-01.10:44:21.498 [main            ] INFO  OrderServiceImpl       - 创建订单-存在，存在未创建支付单订单，创建支付单开始 userId:xiaofuge productId:10001 orderId:0582204282467052
26-02-01.10:44:21.743 [main            ] INFO  OrderServiceTest       - 请求参数:{"productId":"10001","userId":"xiaofuge"}
26-02-01.10:44:21.746 [main            ] INFO  OrderServiceTest       - 测试结果:{"orderId":"0582204282467052","payUrl":"<form name=\"punchout_form\" method=\"post\" action=\"https://openapi-sandbox.dl.alipaydev.com/gateway.do?charset=utf-8&method=alipay.trade.page.pay&sign=TrbQd0mS3h8ciMFPlrGCEf63UEwY1cnT4nzW1%2BIbTacSQEbIaMKxeg8Xy%2F02WW9tx2PI4scPHol2e4ztSzgEaYBJ7FOakO4lWD62Ww2FMQa5055T9%2FjO0tXfx0qhKHduY5h%2Btc%2B%2Be51Bd4%2BXrEz%2B1hpbaj3TEpDT1lAUK70kbS%2BiKyZ603Tzv9%2B3PFX8yRI8LRwP4mkqozzN5dzbK2qEAHzWVi40yjK6aH9b%2FGaAmrATzaL%2FDzQXBzaLF7i8Sn7rxhP09jmuM%2BSaG4FMrBAExE3yAGhNZQjKar8yek65I%2B78yeQhqEqClrVcMB%2FZ7rVoQ9yhB%2FPxNFYhtsD7w%2BX0eg%3D%3D&return_url=https%3A%2F%2Fgaga.plus&notify_url=http%3A%2F%2Fekkoliu.nat100.top%2Fapi%2Fv1%2Falipay%2Falipay_notify_url&version=1.0&app_id=9021000158632718&sign_type=RSA2&timestamp=2026-02-01+10%3A44%3A21&alipay_sdk=alipay-sdk-java-4.38.157.ALL&format=json\">\n<input type=\"hidden\" name=\"biz_content\" value=\"{&quot;out_trade_no&quot;:&quot;0582204282467052&quot;,&quot;total_amount&quot;:&quot;1.68&quot;,&quot;subject&quot;:&quot;测试商品&quot;,&quot;product_code&quot;:&quot;FAST_INSTANT_TRADE_PAY&quot;}\">\n<input type=\"submit\" value=\"立即支付\" style=\"display:none\" >\n</form>\n<script>document.forms[0].submit();</script>"}
26-02-01.10:44:21.759 [SpringApplicationShutdownHook] INFO  HikariDataSource       - HikariPool-1 - Shutdown initiated...
26-02-01.10:44:21.943 [SpringApplicationShutdownHook] INFO  HikariDataSource       - HikariPool-1 - Shutdown completed.
