26-01-22.10:03:40.821 [main            ] INFO  Application            - Starting Application using Java 1.8.0_472 on EkkoDeskTop with PID 38988 (D:\javacode\s-pay-new\s-pay-mall-web\target\classes started by Ekko in D:\javacode\s-pay-new)
26-01-22.10:03:40.823 [main            ] INFO  Application            - The following 1 profile is active: "prod"
26-01-22.10:03:41.305 [main            ] WARN  ClassPathMapperScanner - No MyBatis mapper was found in '[com.liu]' package. Please check your configuration.
26-01-22.10:03:41.950 [main            ] INFO  TomcatWebServer        - Tomcat initialized with port(s): 8080 (http)
26-01-22.10:03:41.957 [main            ] INFO  Http11NioProtocol      - Initializing ProtocolHandler ["http-nio-8080"]
26-01-22.10:03:41.957 [main            ] INFO  StandardService        - Starting service [Tomcat]
26-01-22.10:03:41.957 [main            ] INFO  StandardEngine         - Starting Servlet engine: [Apache Tomcat/9.0.75]
26-01-22.10:03:42.045 [main            ] INFO  [/]                    - Initializing Spring embedded WebApplicationContext
26-01-22.10:03:42.045 [main            ] INFO  ServletWebServerApplicationContext - Root WebApplicationContext: initialization completed in 1181 ms
26-01-22.10:03:42.395 [main            ] WARN  AnnotationConfigServletWebServerApplicationContext - Exception encountered during context initialization - cancelling refresh attempt: org.springframework.beans.factory.BeanCreationException: Error creating bean with name 'dataSource' defined in class path resource [org/springframework/boot/autoconfigure/jdbc/DataSourceConfiguration$Hikari.class]: Bean instantiation via factory method failed; nested exception is org.springframework.beans.BeanInstantiationException: Failed to instantiate [com.zaxxer.hikari.HikariDataSource]: Factory method 'dataSource' threw exception; nested exception is java.lang.IllegalStateException: Cannot load driver class: com.mysql.cj.jdbc.Driver
26-01-22.10:03:42.401 [main            ] INFO  StandardService        - Stopping service [Tomcat]
26-01-22.10:03:42.417 [main            ] INFO  ConditionEvaluationReportLoggingListener - 

Error starting ApplicationContext. To display the conditions report re-run your application with 'debug' enabled.
26-01-22.10:03:42.443 [main            ] ERROR SpringApplication      - Application run failed
org.springframework.beans.factory.BeanCreationException: Error creating bean with name 'dataSource' defined in class path resource [org/springframework/boot/autoconfigure/jdbc/DataSourceConfiguration$Hikari.class]: Bean instantiation via factory method failed; nested exception is org.springframework.beans.BeanInstantiationException: Failed to instantiate [com.zaxxer.hikari.HikariDataSource]: Factory method 'dataSource' threw exception; nested exception is java.lang.IllegalStateException: Cannot load driver class: com.mysql.cj.jdbc.Driver
	at org.springframework.beans.factory.support.ConstructorResolver.instantiate(ConstructorResolver.java:658)
	at org.springframework.beans.factory.support.ConstructorResolver.instantiateUsingFactoryMethod(ConstructorResolver.java:638)
	at org.springframework.beans.factory.support.AbstractAutowireCapableBeanFactory.instantiateUsingFactoryMethod(AbstractAutowireCapableBeanFactory.java:1352)
	at org.springframework.beans.factory.support.AbstractAutowireCapableBeanFactory.createBeanInstance(AbstractAutowireCapableBeanFactory.java:1195)
	at org.springframework.beans.factory.support.AbstractAutowireCapableBeanFactory.doCreateBean(AbstractAutowireCapableBeanFactory.java:582)
	at org.springframework.beans.factory.support.AbstractAutowireCapableBeanFactory.createBean(AbstractAutowireCapableBeanFactory.java:542)
	at org.springframework.beans.factory.support.AbstractBeanFactory.lambda$doGetBean$0(AbstractBeanFactory.java:335)
	at org.springframework.beans.factory.support.DefaultSingletonBeanRegistry.getSingleton(DefaultSingletonBeanRegistry.java:234)
	at org.springframework.beans.factory.support.AbstractBeanFactory.doGetBean(AbstractBeanFactory.java:333)
	at org.springframework.beans.factory.support.AbstractBeanFactory.getBean(AbstractBeanFactory.java:208)
	at org.springframework.beans.factory.support.DefaultListableBeanFactory.preInstantiateSingletons(DefaultListableBeanFactory.java:955)
	at org.springframework.context.support.AbstractApplicationContext.finishBeanFactoryInitialization(AbstractApplicationContext.java:920)
	at org.springframework.context.support.AbstractApplicationContext.refresh(AbstractApplicationContext.java:583)
	at org.springframework.boot.web.servlet.context.ServletWebServerApplicationContext.refresh(ServletWebServerApplicationContext.java:147)
	at org.springframework.boot.SpringApplication.refresh(SpringApplication.java:731)
	at org.springframework.boot.SpringApplication.refreshContext(SpringApplication.java:408)
	at org.springframework.boot.SpringApplication.run(SpringApplication.java:307)
	at org.springframework.boot.SpringApplication.run(SpringApplication.java:1303)
	at org.springframework.boot.SpringApplication.run(SpringApplication.java:1292)
	at com.liu.Application.main(Application.java:15)
Caused by: org.springframework.beans.BeanInstantiationException: Failed to instantiate [com.zaxxer.hikari.HikariDataSource]: Factory method 'dataSource' threw exception; nested exception is java.lang.IllegalStateException: Cannot load driver class: com.mysql.cj.jdbc.Driver
	at org.springframework.beans.factory.support.SimpleInstantiationStrategy.instantiate(SimpleInstantiationStrategy.java:185)
	at org.springframework.beans.factory.support.ConstructorResolver.instantiate(ConstructorResolver.java:653)
	... 19 common frames omitted
Caused by: java.lang.IllegalStateException: Cannot load driver class: com.mysql.cj.jdbc.Driver
	at org.springframework.util.Assert.state(Assert.java:97)
	at org.springframework.boot.autoconfigure.jdbc.DataSourceProperties.determineDriverClassName(DataSourceProperties.java:175)
	at org.springframework.boot.autoconfigure.jdbc.DataSourceProperties.initializeDataSourceBuilder(DataSourceProperties.java:125)
	at org.springframework.boot.autoconfigure.jdbc.DataSourceConfiguration.createDataSource(DataSourceConfiguration.java:48)
	at org.springframework.boot.autoconfigure.jdbc.DataSourceConfiguration$Hikari.dataSource(DataSourceConfiguration.java:90)
	at sun.reflect.NativeMethodAccessorImpl.invoke0(Native Method)
	at sun.reflect.NativeMethodAccessorImpl.invoke(NativeMethodAccessorImpl.java:62)
	at sun.reflect.DelegatingMethodAccessorImpl.invoke(DelegatingMethodAccessorImpl.java:43)
	at java.lang.reflect.Method.invoke(Method.java:498)
	at org.springframework.beans.factory.support.SimpleInstantiationStrategy.instantiate(SimpleInstantiationStrategy.java:154)
	... 20 common frames omitted
26-01-22.10:22:49.654 [main            ] INFO  Application            - Starting Application using Java 1.8.0_472 on EkkoDeskTop with PID 26536 (D:\javacode\s-pay-new\s-pay-mall-web\target\classes started by Ekko in D:\javacode\s-pay-new)
26-01-22.10:22:49.656 [main            ] INFO  Application            - The following 1 profile is active: "prod"
26-01-22.10:22:50.114 [main            ] WARN  ClassPathMapperScanner - No MyBatis mapper was found in '[com.liu]' package. Please check your configuration.
26-01-22.10:22:50.716 [main            ] INFO  TomcatWebServer        - Tomcat initialized with port(s): 8080 (http)
26-01-22.10:22:50.723 [main            ] INFO  Http11NioProtocol      - Initializing ProtocolHandler ["http-nio-8080"]
26-01-22.10:22:50.723 [main            ] INFO  StandardService        - Starting service [Tomcat]
26-01-22.10:22:50.723 [main            ] INFO  StandardEngine         - Starting Servlet engine: [Apache Tomcat/9.0.75]
26-01-22.10:22:50.810 [main            ] INFO  [/]                    - Initializing Spring embedded WebApplicationContext
26-01-22.10:22:50.810 [main            ] INFO  ServletWebServerApplicationContext - Root WebApplicationContext: initialization completed in 1121 ms
26-01-22.10:22:51.119 [main            ] WARN  AnnotationConfigServletWebServerApplicationContext - Exception encountered during context initialization - cancelling refresh attempt: org.springframework.beans.factory.BeanCreationException: Error creating bean with name 'dataSource' defined in class path resource [org/springframework/boot/autoconfigure/jdbc/DataSourceConfiguration$Hikari.class]: Bean instantiation via factory method failed; nested exception is org.springframework.beans.BeanInstantiationException: Failed to instantiate [com.zaxxer.hikari.HikariDataSource]: Factory method 'dataSource' threw exception; nested exception is java.lang.IllegalStateException: Cannot load driver class: com.mysql.cj.jdbc.Driver
26-01-22.10:22:51.123 [main            ] INFO  StandardService        - Stopping service [Tomcat]
26-01-22.10:22:51.137 [main            ] INFO  ConditionEvaluationReportLoggingListener - 

Error starting ApplicationContext. To display the conditions report re-run your application with 'debug' enabled.
26-01-22.10:22:51.161 [main            ] ERROR SpringApplication      - Application run failed
org.springframework.beans.factory.BeanCreationException: Error creating bean with name 'dataSource' defined in class path resource [org/springframework/boot/autoconfigure/jdbc/DataSourceConfiguration$Hikari.class]: Bean instantiation via factory method failed; nested exception is org.springframework.beans.BeanInstantiationException: Failed to instantiate [com.zaxxer.hikari.HikariDataSource]: Factory method 'dataSource' threw exception; nested exception is java.lang.IllegalStateException: Cannot load driver class: com.mysql.cj.jdbc.Driver
	at org.springframework.beans.factory.support.ConstructorResolver.instantiate(ConstructorResolver.java:658)
	at org.springframework.beans.factory.support.ConstructorResolver.instantiateUsingFactoryMethod(ConstructorResolver.java:638)
	at org.springframework.beans.factory.support.AbstractAutowireCapableBeanFactory.instantiateUsingFactoryMethod(AbstractAutowireCapableBeanFactory.java:1352)
	at org.springframework.beans.factory.support.AbstractAutowireCapableBeanFactory.createBeanInstance(AbstractAutowireCapableBeanFactory.java:1195)
	at org.springframework.beans.factory.support.AbstractAutowireCapableBeanFactory.doCreateBean(AbstractAutowireCapableBeanFactory.java:582)
	at org.springframework.beans.factory.support.AbstractAutowireCapableBeanFactory.createBean(AbstractAutowireCapableBeanFactory.java:542)
	at org.springframework.beans.factory.support.AbstractBeanFactory.lambda$doGetBean$0(AbstractBeanFactory.java:335)
	at org.springframework.beans.factory.support.DefaultSingletonBeanRegistry.getSingleton(DefaultSingletonBeanRegistry.java:234)
	at org.springframework.beans.factory.support.AbstractBeanFactory.doGetBean(AbstractBeanFactory.java:333)
	at org.springframework.beans.factory.support.AbstractBeanFactory.getBean(AbstractBeanFactory.java:208)
	at org.springframework.beans.factory.support.DefaultListableBeanFactory.preInstantiateSingletons(DefaultListableBeanFactory.java:955)
	at org.springframework.context.support.AbstractApplicationContext.finishBeanFactoryInitialization(AbstractApplicationContext.java:920)
	at org.springframework.context.support.AbstractApplicationContext.refresh(AbstractApplicationContext.java:583)
	at org.springframework.boot.web.servlet.context.ServletWebServerApplicationContext.refresh(ServletWebServerApplicationContext.java:147)
	at org.springframework.boot.SpringApplication.refresh(SpringApplication.java:731)
	at org.springframework.boot.SpringApplication.refreshContext(SpringApplication.java:408)
	at org.springframework.boot.SpringApplication.run(SpringApplication.java:307)
	at org.springframework.boot.SpringApplication.run(SpringApplication.java:1303)
	at org.springframework.boot.SpringApplication.run(SpringApplication.java:1292)
	at com.liu.Application.main(Application.java:15)
Caused by: org.springframework.beans.BeanInstantiationException: Failed to instantiate [com.zaxxer.hikari.HikariDataSource]: Factory method 'dataSource' threw exception; nested exception is java.lang.IllegalStateException: Cannot load driver class: com.mysql.cj.jdbc.Driver
	at org.springframework.beans.factory.support.SimpleInstantiationStrategy.instantiate(SimpleInstantiationStrategy.java:185)
	at org.springframework.beans.factory.support.ConstructorResolver.instantiate(ConstructorResolver.java:653)
	... 19 common frames omitted
Caused by: java.lang.IllegalStateException: Cannot load driver class: com.mysql.cj.jdbc.Driver
	at org.springframework.util.Assert.state(Assert.java:97)
	at org.springframework.boot.autoconfigure.jdbc.DataSourceProperties.determineDriverClassName(DataSourceProperties.java:175)
	at org.springframework.boot.autoconfigure.jdbc.DataSourceProperties.initializeDataSourceBuilder(DataSourceProperties.java:125)
	at org.springframework.boot.autoconfigure.jdbc.DataSourceConfiguration.createDataSource(DataSourceConfiguration.java:48)
	at org.springframework.boot.autoconfigure.jdbc.DataSourceConfiguration$Hikari.dataSource(DataSourceConfiguration.java:90)
	at sun.reflect.NativeMethodAccessorImpl.invoke0(Native Method)
	at sun.reflect.NativeMethodAccessorImpl.invoke(NativeMethodAccessorImpl.java:62)
	at sun.reflect.DelegatingMethodAccessorImpl.invoke(DelegatingMethodAccessorImpl.java:43)
	at java.lang.reflect.Method.invoke(Method.java:498)
	at org.springframework.beans.factory.support.SimpleInstantiationStrategy.instantiate(SimpleInstantiationStrategy.java:154)
	... 20 common frames omitted
26-01-22.10:45:31.636 [main            ] INFO  Application            - Starting Application using Java 1.8.0_472 on EkkoDeskTop with PID 40520 (D:\javacode\s-pay-new\s-pay-mall-web\target\classes started by Ekko in D:\javacode\s-pay-new)
26-01-22.10:45:31.638 [main            ] INFO  Application            - The following 1 profile is active: "dev"
26-01-22.10:45:32.108 [main            ] WARN  ClassPathMapperScanner - No MyBatis mapper was found in '[com.liu]' package. Please check your configuration.
26-01-22.10:45:32.706 [main            ] INFO  TomcatWebServer        - Tomcat initialized with port(s): 8080 (http)
26-01-22.10:45:32.713 [main            ] INFO  Http11NioProtocol      - Initializing ProtocolHandler ["http-nio-8080"]
26-01-22.10:45:32.713 [main            ] INFO  StandardService        - Starting service [Tomcat]
26-01-22.10:45:32.713 [main            ] INFO  StandardEngine         - Starting Servlet engine: [Apache Tomcat/9.0.75]
26-01-22.10:45:32.795 [main            ] INFO  [/]                    - Initializing Spring embedded WebApplicationContext
26-01-22.10:45:32.795 [main            ] INFO  ServletWebServerApplicationContext - Root WebApplicationContext: initialization completed in 1124 ms
26-01-22.10:45:33.133 [main            ] WARN  AnnotationConfigServletWebServerApplicationContext - Exception encountered during context initialization - cancelling refresh attempt: org.springframework.beans.factory.BeanCreationException: Error creating bean with name 'dataSource' defined in class path resource [org/springframework/boot/autoconfigure/jdbc/DataSourceConfiguration$Hikari.class]: Bean instantiation via factory method failed; nested exception is org.springframework.beans.BeanInstantiationException: Failed to instantiate [com.zaxxer.hikari.HikariDataSource]: Factory method 'dataSource' threw exception; nested exception is java.lang.IllegalStateException: Cannot load driver class: com.mysql.cj.jdbc.Driver
26-01-22.10:45:33.137 [main            ] INFO  StandardService        - Stopping service [Tomcat]
26-01-22.10:45:33.149 [main            ] INFO  ConditionEvaluationReportLoggingListener - 

Error starting ApplicationContext. To display the conditions report re-run your application with 'debug' enabled.
26-01-22.10:45:33.173 [main            ] ERROR SpringApplication      - Application run failed
org.springframework.beans.factory.BeanCreationException: Error creating bean with name 'dataSource' defined in class path resource [org/springframework/boot/autoconfigure/jdbc/DataSourceConfiguration$Hikari.class]: Bean instantiation via factory method failed; nested exception is org.springframework.beans.BeanInstantiationException: Failed to instantiate [com.zaxxer.hikari.HikariDataSource]: Factory method 'dataSource' threw exception; nested exception is java.lang.IllegalStateException: Cannot load driver class: com.mysql.cj.jdbc.Driver
	at org.springframework.beans.factory.support.ConstructorResolver.instantiate(ConstructorResolver.java:658)
	at org.springframework.beans.factory.support.ConstructorResolver.instantiateUsingFactoryMethod(ConstructorResolver.java:638)
	at org.springframework.beans.factory.support.AbstractAutowireCapableBeanFactory.instantiateUsingFactoryMethod(AbstractAutowireCapableBeanFactory.java:1352)
	at org.springframework.beans.factory.support.AbstractAutowireCapableBeanFactory.createBeanInstance(AbstractAutowireCapableBeanFactory.java:1195)
	at org.springframework.beans.factory.support.AbstractAutowireCapableBeanFactory.doCreateBean(AbstractAutowireCapableBeanFactory.java:582)
	at org.springframework.beans.factory.support.AbstractAutowireCapableBeanFactory.createBean(AbstractAutowireCapableBeanFactory.java:542)
	at org.springframework.beans.factory.support.AbstractBeanFactory.lambda$doGetBean$0(AbstractBeanFactory.java:335)
	at org.springframework.beans.factory.support.DefaultSingletonBeanRegistry.getSingleton(DefaultSingletonBeanRegistry.java:234)
	at org.springframework.beans.factory.support.AbstractBeanFactory.doGetBean(AbstractBeanFactory.java:333)
	at org.springframework.beans.factory.support.AbstractBeanFactory.getBean(AbstractBeanFactory.java:208)
	at org.springframework.beans.factory.support.DefaultListableBeanFactory.preInstantiateSingletons(DefaultListableBeanFactory.java:955)
	at org.springframework.context.support.AbstractApplicationContext.finishBeanFactoryInitialization(AbstractApplicationContext.java:920)
	at org.springframework.context.support.AbstractApplicationContext.refresh(AbstractApplicationContext.java:583)
	at org.springframework.boot.web.servlet.context.ServletWebServerApplicationContext.refresh(ServletWebServerApplicationContext.java:147)
	at org.springframework.boot.SpringApplication.refresh(SpringApplication.java:731)
	at org.springframework.boot.SpringApplication.refreshContext(SpringApplication.java:408)
	at org.springframework.boot.SpringApplication.run(SpringApplication.java:307)
	at org.springframework.boot.SpringApplication.run(SpringApplication.java:1303)
	at org.springframework.boot.SpringApplication.run(SpringApplication.java:1292)
	at com.liu.Application.main(Application.java:15)
Caused by: org.springframework.beans.BeanInstantiationException: Failed to instantiate [com.zaxxer.hikari.HikariDataSource]: Factory method 'dataSource' threw exception; nested exception is java.lang.IllegalStateException: Cannot load driver class: com.mysql.cj.jdbc.Driver
	at org.springframework.beans.factory.support.SimpleInstantiationStrategy.instantiate(SimpleInstantiationStrategy.java:185)
	at org.springframework.beans.factory.support.ConstructorResolver.instantiate(ConstructorResolver.java:653)
	... 19 common frames omitted
Caused by: java.lang.IllegalStateException: Cannot load driver class: com.mysql.cj.jdbc.Driver
	at org.springframework.util.Assert.state(Assert.java:97)
	at org.springframework.boot.autoconfigure.jdbc.DataSourceProperties.determineDriverClassName(DataSourceProperties.java:175)
	at org.springframework.boot.autoconfigure.jdbc.DataSourceProperties.initializeDataSourceBuilder(DataSourceProperties.java:125)
	at org.springframework.boot.autoconfigure.jdbc.DataSourceConfiguration.createDataSource(DataSourceConfiguration.java:48)
	at org.springframework.boot.autoconfigure.jdbc.DataSourceConfiguration$Hikari.dataSource(DataSourceConfiguration.java:90)
	at sun.reflect.NativeMethodAccessorImpl.invoke0(Native Method)
	at sun.reflect.NativeMethodAccessorImpl.invoke(NativeMethodAccessorImpl.java:62)
	at sun.reflect.DelegatingMethodAccessorImpl.invoke(DelegatingMethodAccessorImpl.java:43)
	at java.lang.reflect.Method.invoke(Method.java:498)
	at org.springframework.beans.factory.support.SimpleInstantiationStrategy.instantiate(SimpleInstantiationStrategy.java:154)
	... 20 common frames omitted
26-01-22.10:52:57.641 [main            ] INFO  Application            - Starting Application using Java 1.8.0_472 on EkkoDeskTop with PID 16276 (D:\javacode\s-pay-new\s-pay-mall-web\target\classes started by Ekko in D:\javacode\s-pay-new)
26-01-22.10:52:57.643 [main            ] INFO  Application            - The following 1 profile is active: "dev"
26-01-22.10:52:58.065 [main            ] WARN  ClassPathMapperScanner - No MyBatis mapper was found in '[com.liu]' package. Please check your configuration.
26-01-22.10:52:58.645 [main            ] INFO  TomcatWebServer        - Tomcat initialized with port(s): 8080 (http)
26-01-22.10:52:58.652 [main            ] INFO  Http11NioProtocol      - Initializing ProtocolHandler ["http-nio-8080"]
26-01-22.10:52:58.652 [main            ] INFO  StandardService        - Starting service [Tomcat]
26-01-22.10:52:58.652 [main            ] INFO  StandardEngine         - Starting Servlet engine: [Apache Tomcat/9.0.75]
26-01-22.10:52:58.719 [main            ] INFO  [/]                    - Initializing Spring embedded WebApplicationContext
26-01-22.10:52:58.719 [main            ] INFO  ServletWebServerApplicationContext - Root WebApplicationContext: initialization completed in 1046 ms
26-01-22.10:52:59.004 [main            ] WARN  AnnotationConfigServletWebServerApplicationContext - Exception encountered during context initialization - cancelling refresh attempt: org.springframework.beans.factory.BeanCreationException: Error creating bean with name 'dataSource' defined in class path resource [org/springframework/boot/autoconfigure/jdbc/DataSourceConfiguration$Hikari.class]: Bean instantiation via factory method failed; nested exception is org.springframework.beans.BeanInstantiationException: Failed to instantiate [com.zaxxer.hikari.HikariDataSource]: Factory method 'dataSource' threw exception; nested exception is org.springframework.boot.autoconfigure.jdbc.DataSourceProperties$DataSourceBeanCreationException: Failed to determine a suitable driver class
26-01-22.10:52:59.009 [main            ] INFO  StandardService        - Stopping service [Tomcat]
26-01-22.10:52:59.016 [main            ] INFO  ConditionEvaluationReportLoggingListener - 

Error starting ApplicationContext. To display the conditions report re-run your application with 'debug' enabled.
26-01-22.10:52:59.040 [main            ] ERROR LoggingFailureAnalysisReporter - 

***************************
APPLICATION FAILED TO START
***************************

Description:

Failed to configure a DataSource: 'url' attribute is not specified and no embedded datasource could be configured.

Reason: Failed to determine a suitable driver class


Action:

Consider the following:
	If you want an embedded database (H2, HSQL or Derby), please put it on the classpath.
	If you have database settings to be loaded from a particular profile you may need to activate it (the profiles dev are currently active).

26-01-22.10:54:17.925 [main            ] INFO  Application            - Starting Application using Java 1.8.0_472 on EkkoDeskTop with PID 41640 (D:\javacode\s-pay-new\s-pay-mall-web\target\classes started by Ekko in D:\javacode\s-pay-new)
26-01-22.10:54:17.927 [main            ] INFO  Application            - The following 1 profile is active: "dev"
26-01-22.10:54:18.348 [main            ] WARN  ClassPathMapperScanner - No MyBatis mapper was found in '[com.liu]' package. Please check your configuration.
26-01-22.10:54:18.885 [main            ] INFO  TomcatWebServer        - Tomcat initialized with port(s): 8080 (http)
26-01-22.10:54:18.891 [main            ] INFO  Http11NioProtocol      - Initializing ProtocolHandler ["http-nio-8080"]
26-01-22.10:54:18.891 [main            ] INFO  StandardService        - Starting service [Tomcat]
26-01-22.10:54:18.891 [main            ] INFO  StandardEngine         - Starting Servlet engine: [Apache Tomcat/9.0.75]
26-01-22.10:54:18.960 [main            ] INFO  [/]                    - Initializing Spring embedded WebApplicationContext
26-01-22.10:54:18.960 [main            ] INFO  ServletWebServerApplicationContext - Root WebApplicationContext: initialization completed in 1001 ms
26-01-22.10:54:19.255 [main            ] WARN  AnnotationConfigServletWebServerApplicationContext - Exception encountered during context initialization - cancelling refresh attempt: org.springframework.beans.factory.BeanCreationException: Error creating bean with name 'dataSource' defined in class path resource [org/springframework/boot/autoconfigure/jdbc/DataSourceConfiguration$Hikari.class]: Bean instantiation via factory method failed; nested exception is org.springframework.beans.BeanInstantiationException: Failed to instantiate [com.zaxxer.hikari.HikariDataSource]: Factory method 'dataSource' threw exception; nested exception is org.springframework.boot.autoconfigure.jdbc.DataSourceProperties$DataSourceBeanCreationException: Failed to determine a suitable driver class
26-01-22.10:54:19.260 [main            ] INFO  StandardService        - Stopping service [Tomcat]
26-01-22.10:54:19.273 [main            ] INFO  ConditionEvaluationReportLoggingListener - 

Error starting ApplicationContext. To display the conditions report re-run your application with 'debug' enabled.
26-01-22.10:54:19.294 [main            ] ERROR LoggingFailureAnalysisReporter - 

***************************
APPLICATION FAILED TO START
***************************

Description:

Failed to configure a DataSource: 'url' attribute is not specified and no embedded datasource could be configured.

Reason: Failed to determine a suitable driver class


Action:

Consider the following:
	If you want an embedded database (H2, HSQL or Derby), please put it on the classpath.
	If you have database settings to be loaded from a particular profile you may need to activate it (the profiles dev are currently active).

26-01-22.11:03:21.666 [main            ] INFO  Application            - Starting Application using Java 1.8.0_472 on EkkoDeskTop with PID 41576 (D:\javacode\s-pay-new\s-pay-mall-web\target\classes started by Ekko in D:\javacode\s-pay-new)
26-01-22.11:03:21.669 [main            ] INFO  Application            - The following 1 profile is active: "dev"
26-01-22.11:03:22.208 [main            ] WARN  ClassPathMapperScanner - No MyBatis mapper was found in '[com.liu]' package. Please check your configuration.
26-01-22.11:03:23.009 [main            ] INFO  TomcatWebServer        - Tomcat initialized with port(s): 8080 (http)
26-01-22.11:03:23.022 [main            ] INFO  Http11NioProtocol      - Initializing ProtocolHandler ["http-nio-8080"]
26-01-22.11:03:23.023 [main            ] INFO  StandardService        - Starting service [Tomcat]
26-01-22.11:03:23.023 [main            ] INFO  StandardEngine         - Starting Servlet engine: [Apache Tomcat/9.0.75]
26-01-22.11:03:23.126 [main            ] INFO  [/]                    - Initializing Spring embedded WebApplicationContext
26-01-22.11:03:23.127 [main            ] INFO  ServletWebServerApplicationContext - Root WebApplicationContext: initialization completed in 1413 ms
26-01-22.11:03:23.563 [main            ] WARN  AnnotationConfigServletWebServerApplicationContext - Exception encountered during context initialization - cancelling refresh attempt: org.springframework.beans.factory.BeanCreationException: Error creating bean with name 'dataSource' defined in class path resource [org/springframework/boot/autoconfigure/jdbc/DataSourceConfiguration$Hikari.class]: Bean instantiation via factory method failed; nested exception is org.springframework.beans.BeanInstantiationException: Failed to instantiate [com.zaxxer.hikari.HikariDataSource]: Factory method 'dataSource' threw exception; nested exception is org.springframework.boot.autoconfigure.jdbc.DataSourceProperties$DataSourceBeanCreationException: Failed to determine a suitable driver class
26-01-22.11:03:23.569 [main            ] INFO  StandardService        - Stopping service [Tomcat]
26-01-22.11:03:23.584 [main            ] INFO  ConditionEvaluationReportLoggingListener - 

Error starting ApplicationContext. To display the conditions report re-run your application with 'debug' enabled.
26-01-22.11:03:23.614 [main            ] ERROR LoggingFailureAnalysisReporter - 

***************************
APPLICATION FAILED TO START
***************************

Description:

Failed to configure a DataSource: 'url' attribute is not specified and no embedded datasource could be configured.

Reason: Failed to determine a suitable driver class


Action:

Consider the following:
	If you want an embedded database (H2, HSQL or Derby), please put it on the classpath.
	If you have database settings to be loaded from a particular profile you may need to activate it (the profiles dev are currently active).

26-01-22.11:05:21.613 [main            ] INFO  Application            - Starting Application using Java 1.8.0_472 on EkkoDeskTop with PID 8536 (D:\javacode\s-pay-new\s-pay-mall-web\target\classes started by Ekko in D:\javacode\s-pay-new)
26-01-22.11:05:21.614 [main            ] INFO  Application            - The following 1 profile is active: "dev"
26-01-22.11:05:22.030 [main            ] WARN  ClassPathMapperScanner - No MyBatis mapper was found in '[com.liu]' package. Please check your configuration.
26-01-22.11:05:22.582 [main            ] INFO  TomcatWebServer        - Tomcat initialized with port(s): 8080 (http)
26-01-22.11:05:22.588 [main            ] INFO  Http11NioProtocol      - Initializing ProtocolHandler ["http-nio-8080"]
26-01-22.11:05:22.589 [main            ] INFO  StandardService        - Starting service [Tomcat]
26-01-22.11:05:22.589 [main            ] INFO  StandardEngine         - Starting Servlet engine: [Apache Tomcat/9.0.75]
26-01-22.11:05:22.658 [main            ] INFO  [/]                    - Initializing Spring embedded WebApplicationContext
26-01-22.11:05:22.658 [main            ] INFO  ServletWebServerApplicationContext - Root WebApplicationContext: initialization completed in 1007 ms
26-01-22.11:05:22.940 [main            ] WARN  AnnotationConfigServletWebServerApplicationContext - Exception encountered during context initialization - cancelling refresh attempt: org.springframework.beans.factory.BeanCreationException: Error creating bean with name 'dataSource' defined in class path resource [org/springframework/boot/autoconfigure/jdbc/DataSourceConfiguration$Hikari.class]: Bean instantiation via factory method failed; nested exception is org.springframework.beans.BeanInstantiationException: Failed to instantiate [com.zaxxer.hikari.HikariDataSource]: Factory method 'dataSource' threw exception; nested exception is org.springframework.boot.autoconfigure.jdbc.DataSourceProperties$DataSourceBeanCreationException: Failed to determine a suitable driver class
26-01-22.11:05:22.943 [main            ] INFO  StandardService        - Stopping service [Tomcat]
26-01-22.11:05:22.957 [main            ] INFO  ConditionEvaluationReportLoggingListener - 

Error starting ApplicationContext. To display the conditions report re-run your application with 'debug' enabled.
26-01-22.11:05:22.975 [main            ] ERROR LoggingFailureAnalysisReporter - 

***************************
APPLICATION FAILED TO START
***************************

Description:

Failed to configure a DataSource: 'url' attribute is not specified and no embedded datasource could be configured.

Reason: Failed to determine a suitable driver class


Action:

Consider the following:
	If you want an embedded database (H2, HSQL or Derby), please put it on the classpath.
	If you have database settings to be loaded from a particular profile you may need to activate it (the profiles dev are currently active).

26-01-22.11:09:32.372 [main            ] INFO  Application            - Starting Application using Java 1.8.0_472 on EkkoDeskTop with PID 41640 (D:\javacode\s-pay-new\s-pay-mall-web\target\classes started by Ekko in D:\javacode\s-pay-new)
26-01-22.11:09:32.374 [main            ] INFO  Application            - The following 1 profile is active: "dev"
26-01-22.11:09:33.103 [main            ] INFO  TomcatWebServer        - Tomcat initialized with port(s): 8080 (http)
26-01-22.11:09:33.111 [main            ] INFO  Http11NioProtocol      - Initializing ProtocolHandler ["http-nio-8080"]
26-01-22.11:09:33.111 [main            ] INFO  StandardService        - Starting service [Tomcat]
26-01-22.11:09:33.112 [main            ] INFO  StandardEngine         - Starting Servlet engine: [Apache Tomcat/9.0.75]
26-01-22.11:09:33.177 [main            ] INFO  [/]                    - Initializing Spring embedded WebApplicationContext
26-01-22.11:09:33.177 [main            ] INFO  ServletWebServerApplicationContext - Root WebApplicationContext: initialization completed in 770 ms
26-01-22.11:09:33.560 [main            ] INFO  Http11NioProtocol      - Starting ProtocolHandler ["http-nio-8080"]
26-01-22.11:09:33.581 [main            ] INFO  TomcatWebServer        - Tomcat started on port(s): 8080 (http) with context path ''
26-01-22.11:09:33.593 [main            ] INFO  Application            - Started Application in 1.539 seconds (JVM running for 1.847)
26-01-22.11:09:45.513 [http-nio-8080-exec-2] INFO  [/]                    - Initializing Spring DispatcherServlet 'dispatcherServlet'
26-01-22.11:09:45.513 [http-nio-8080-exec-2] INFO  DispatcherServlet      - Initializing Servlet 'dispatcherServlet'
26-01-22.11:09:45.514 [http-nio-8080-exec-2] INFO  DispatcherServlet      - Completed initialization in 1 ms
26-01-22.11:16:04.683 [http-nio-8080-exec-9] INFO  WeixinPortalController - 微信公众号验签信息开始 [db1373695e3722ba36de88ad9a2be1fcba4e296d, 1769051764, 191641335, 1379874965976506238]
26-01-22.11:16:04.689 [http-nio-8080-exec-9] INFO  WeixinPortalController - 微信公众号验签信息完成 check：true
26-01-22.11:16:30.193 [http-nio-8080-exec-10] INFO  WeixinPortalController - 接收微信公众号信息请求oTx_E20oBYvPGdNROLtvd0s92-Ds开始 <xml><ToUserName><![CDATA[gh_dfc60ef70ad8]]></ToUserName>
<FromUserName><![CDATA[oTx_E20oBYvPGdNROLtvd0s92-Ds]]></FromUserName>
<CreateTime>1769051789</CreateTime>
<MsgType><![CDATA[event]]></MsgType>
<Event><![CDATA[subscribe]]></Event>
<EventKey><![CDATA[]]></EventKey>
</xml>
26-01-22.11:16:36.995 [http-nio-8080-exec-1] INFO  WeixinPortalController - 接收微信公众号信息请求oTx_E20oBYvPGdNROLtvd0s92-Ds开始 <xml><ToUserName><![CDATA[gh_dfc60ef70ad8]]></ToUserName>
<FromUserName><![CDATA[oTx_E20oBYvPGdNROLtvd0s92-Ds]]></FromUserName>
<CreateTime>1769051795</CreateTime>
<MsgType><![CDATA[text]]></MsgType>
<Content><![CDATA[你好]]></Content>
<MsgId>25326732507663955</MsgId>
</xml>
26-01-22.11:17:29.922 [http-nio-8080-exec-4] INFO  WeixinPortalController - 接收微信公众号信息请求oTx_E20oBYvPGdNROLtvd0s92-Ds开始 <xml><ToUserName><![CDATA[gh_dfc60ef70ad8]]></ToUserName>
<FromUserName><![CDATA[oTx_E20oBYvPGdNROLtvd0s92-Ds]]></FromUserName>
<CreateTime>1769051848</CreateTime>
<MsgType><![CDATA[text]]></MsgType>
<Content><![CDATA[1111]]></Content>
<MsgId>25326730664293964</MsgId>
</xml>
26-01-22.11:20:15.911 [main            ] INFO  Application            - Starting Application using Java 1.8.0_472 on EkkoDeskTop with PID 33204 (D:\javacode\s-pay-new\s-pay-mall-web\target\classes started by Ekko in D:\javacode\s-pay-new)
26-01-22.11:20:15.912 [main            ] INFO  Application            - The following 1 profile is active: "dev"
26-01-22.11:20:16.662 [main            ] INFO  TomcatWebServer        - Tomcat initialized with port(s): 8080 (http)
26-01-22.11:20:16.670 [main            ] INFO  Http11NioProtocol      - Initializing ProtocolHandler ["http-nio-8080"]
26-01-22.11:20:16.670 [main            ] INFO  StandardService        - Starting service [Tomcat]
26-01-22.11:20:16.670 [main            ] INFO  StandardEngine         - Starting Servlet engine: [Apache Tomcat/9.0.75]
26-01-22.11:20:16.737 [main            ] INFO  [/]                    - Initializing Spring embedded WebApplicationContext
26-01-22.11:20:16.737 [main            ] INFO  ServletWebServerApplicationContext - Root WebApplicationContext: initialization completed in 792 ms
26-01-22.11:20:17.102 [main            ] INFO  Http11NioProtocol      - Starting ProtocolHandler ["http-nio-8080"]
26-01-22.11:20:17.123 [main            ] INFO  TomcatWebServer        - Tomcat started on port(s): 8080 (http) with context path ''
26-01-22.11:20:17.138 [main            ] INFO  Application            - Started Application in 1.537 seconds (JVM running for 1.793)
26-01-22.11:20:36.498 [http-nio-8080-exec-1] INFO  [/]                    - Initializing Spring DispatcherServlet 'dispatcherServlet'
26-01-22.11:20:36.498 [http-nio-8080-exec-1] INFO  DispatcherServlet      - Initializing Servlet 'dispatcherServlet'
26-01-22.11:20:36.499 [http-nio-8080-exec-1] INFO  DispatcherServlet      - Completed initialization in 1 ms
26-01-22.11:20:36.534 [http-nio-8080-exec-1] INFO  WeixinPortalController - 接收微信公众号信息请求oTx_E20oBYvPGdNROLtvd0s92-Ds开始 <xml><ToUserName><![CDATA[gh_dfc60ef70ad8]]></ToUserName>
<FromUserName><![CDATA[oTx_E20oBYvPGdNROLtvd0s92-Ds]]></FromUserName>
<CreateTime>1769052035</CreateTime>
<MsgType><![CDATA[text]]></MsgType>
<Content><![CDATA[1111]]></Content>
<MsgId>25326736566684038</MsgId>
</xml>
26-01-22.11:20:43.024 [http-nio-8080-exec-3] INFO  WeixinPortalController - 接收微信公众号信息请求oTx_E20oBYvPGdNROLtvd0s92-Ds开始 <xml><ToUserName><![CDATA[gh_dfc60ef70ad8]]></ToUserName>
<FromUserName><![CDATA[oTx_E20oBYvPGdNROLtvd0s92-Ds]]></FromUserName>
<CreateTime>1769052042</CreateTime>
<MsgType><![CDATA[text]]></MsgType>
<Content><![CDATA[嘿嘿]]></Content>
<MsgId>25326738123339751</MsgId>
</xml>
26-01-22.11:20:54.400 [http-nio-8080-exec-5] INFO  WeixinPortalController - 接收微信公众号信息请求oTx_E20oBYvPGdNROLtvd0s92-Ds开始 <xml><ToUserName><![CDATA[gh_dfc60ef70ad8]]></ToUserName>
<FromUserName><![CDATA[oTx_E20oBYvPGdNROLtvd0s92-Ds]]></FromUserName>
<CreateTime>1769052053</CreateTime>
<MsgType><![CDATA[text]]></MsgType>
<Content><![CDATA[嘿嘿嘿]]></Content>
<MsgId>25326737183602125</MsgId>
</xml>
