26-01-29.11:29:31.406 [main            ] INFO  Application            - Starting Application using Java 1.8.0_472 on EkkoDeskTop with PID 53016 (D:\javacode\s-pay-new\s-pay-mall-web\target\classes started by Ekko in D:\javacode\s-pay-new)
26-01-29.11:29:31.407 [main            ] INFO  Application            - The following 1 profile is active: "dev"
26-01-29.11:29:32.370 [main            ] INFO  TomcatWebServer        - Tomcat initialized with port(s): 8080 (http)
26-01-29.11:29:32.376 [main            ] INFO  Http11NioProtocol      - Initializing ProtocolHandler ["http-nio-8080"]
26-01-29.11:29:32.377 [main            ] INFO  StandardService        - Starting service [Tomcat]
26-01-29.11:29:32.377 [main            ] INFO  StandardEngine         - Starting Servlet engine: [Apache Tomcat/9.0.75]
26-01-29.11:29:32.973 [main            ] INFO  [/]                    - Initializing Spring embedded WebApplicationContext
26-01-29.11:29:32.973 [main            ] INFO  ServletWebServerApplicationContext - Root WebApplicationContext: initialization completed in 1522 ms
26-01-29.11:29:33.852 [main            ] INFO  Http11NioProtocol      - Starting ProtocolHandler ["http-nio-8080"]
26-01-29.11:29:33.893 [main            ] INFO  TomcatWebServer        - Tomcat started on port(s): 8080 (http) with context path ''
26-01-29.11:29:33.906 [main            ] INFO  Application            - Started Application in 2.946 seconds (JVM running for 5.892)
26-01-29.11:29:43.531 [http-nio-8080-exec-1] INFO  [/]                    - Initializing Spring DispatcherServlet 'dispatcherServlet'
26-01-29.11:29:43.532 [http-nio-8080-exec-1] INFO  DispatcherServlet      - Initializing Servlet 'dispatcherServlet'
26-01-29.11:29:43.533 [http-nio-8080-exec-1] INFO  DispatcherServlet      - Completed initialization in 1 ms
26-01-29.11:29:44.703 [http-nio-8080-exec-1] INFO  LoginController        - 生成微信扫码登录 ticket:gQGj8DwAAAAAAAAAAS5odHRwOi8vd2VpeGluLnFxLmNvbS9xLzAyOHhUXzVqZnZmNHIxdUY4LTFGMUwAAgQp1HppAwSA9AMA
26-01-29.11:30:20.677 [http-nio-8080-exec-3] INFO  LoginController        - 扫码检测登录结果 ticket:gQGj8DwAAAAAAAAAAS5odHRwOi8vd2VpeGluLnFxLmNvbS9xLzAyOHhUXzVqZnZmNHIxdUY4LTFGMUwAAgQp1HppAwSA9AMA openidToken:null
26-01-29.11:38:00.382 [main            ] INFO  Application            - Starting Application using Java 1.8.0_472 on EkkoDeskTop with PID 56252 (D:\javacode\s-pay-new\s-pay-mall-web\target\classes started by Ekko in D:\javacode\s-pay-new)
26-01-29.11:38:00.383 [main            ] INFO  Application            - The following 1 profile is active: "dev"
26-01-29.11:38:01.340 [main            ] INFO  TomcatWebServer        - Tomcat initialized with port(s): 8080 (http)
26-01-29.11:38:01.350 [main            ] INFO  Http11NioProtocol      - Initializing ProtocolHandler ["http-nio-8080"]
26-01-29.11:38:01.351 [main            ] INFO  StandardService        - Starting service [Tomcat]
26-01-29.11:38:01.351 [main            ] INFO  StandardEngine         - Starting Servlet engine: [Apache Tomcat/9.0.75]
26-01-29.11:38:01.444 [main            ] INFO  [/]                    - Initializing Spring embedded WebApplicationContext
26-01-29.11:38:01.444 [main            ] INFO  ServletWebServerApplicationContext - Root WebApplicationContext: initialization completed in 1018 ms
26-01-29.11:38:02.435 [main            ] INFO  Http11NioProtocol      - Starting ProtocolHandler ["http-nio-8080"]
26-01-29.11:38:02.485 [main            ] INFO  TomcatWebServer        - Tomcat started on port(s): 8080 (http) with context path ''
26-01-29.11:38:02.502 [main            ] INFO  Application            - Started Application in 2.563 seconds (JVM running for 2.92)
26-01-29.11:38:09.565 [http-nio-8080-exec-1] INFO  [/]                    - Initializing Spring DispatcherServlet 'dispatcherServlet'
26-01-29.11:38:09.566 [http-nio-8080-exec-1] INFO  DispatcherServlet      - Initializing Servlet 'dispatcherServlet'
26-01-29.11:38:09.567 [http-nio-8080-exec-1] INFO  DispatcherServlet      - Completed initialization in 1 ms
26-01-29.11:38:10.530 [http-nio-8080-exec-1] INFO  LoginController        - 生成微信扫码登录 ticket:gQH67zwAAAAAAAAAAS5odHRwOi8vd2VpeGluLnFxLmNvbS9xLzAyeGVpNzVXZnZmNHIxdXlhLXhGMVAAAgQi1nppAwSA9AMA
26-01-29.11:38:33.399 [http-nio-8080-exec-5] INFO  WeixinPortalController - 接收微信公众号信息请求oTx_E20oBYvPGdNROLtvd0s92-Ds开始 <xml><ToUserName><![CDATA[gh_dfc60ef70ad8]]></ToUserName>
<FromUserName><![CDATA[oTx_E20oBYvPGdNROLtvd0s92-Ds]]></FromUserName>
<CreateTime>1769657913</CreateTime>
<MsgType><![CDATA[event]]></MsgType>
<Event><![CDATA[SCAN]]></Event>
<EventKey><![CDATA[100600]]></EventKey>
<Ticket><![CDATA[gQH67zwAAAAAAAAAAS5odHRwOi8vd2VpeGluLnFxLmNvbS9xLzAyeGVpNzVXZnZmNHIxdXlhLXhGMVAAAgQi1nppAwSA9AMA]]></Ticket>
</xml>
26-01-29.11:38:39.104 [http-nio-8080-exec-8] INFO  LoginController        - 扫码检测登录结果 ticket:gQH67zwAAAAAAAAAAS5odHRwOi8vd2VpeGluLnFxLmNvbS9xLzAyeGVpNzVXZnZmNHIxdXlhLXhGMVAAAgQi1nppAwSA9AMA openidToken:null
26-01-29.11:42:33.806 [http-nio-8080-exec-2] INFO  LoginController        - 生成微信扫码登录 ticket:gQEn8DwAAAAAAAAAAS5odHRwOi8vd2VpeGluLnFxLmNvbS9xLzAyUnlrWjRyZnZmNHIxdUdiLU5GMUgAAgQq13ppAwSA9AMA
26-01-29.11:42:50.875 [http-nio-8080-exec-3] INFO  WeixinPortalController - 接收微信公众号信息请求oTx_E20oBYvPGdNROLtvd0s92-Ds开始 <xml><ToUserName><![CDATA[gh_dfc60ef70ad8]]></ToUserName>
<FromUserName><![CDATA[oTx_E20oBYvPGdNROLtvd0s92-Ds]]></FromUserName>
<CreateTime>1769658171</CreateTime>
<MsgType><![CDATA[event]]></MsgType>
<Event><![CDATA[SCAN]]></Event>
<EventKey><![CDATA[100600]]></EventKey>
<Ticket><![CDATA[gQEn8DwAAAAAAAAAAS5odHRwOi8vd2VpeGluLnFxLmNvbS9xLzAyUnlrWjRyZnZmNHIxdUdiLU5GMUgAAgQq13ppAwSA9AMA]]></Ticket>
</xml>
26-01-29.11:43:02.710 [http-nio-8080-exec-6] INFO  LoginController        - 扫码检测登录结果 ticket:gQEn8DwAAAAAAAAAAS5odHRwOi8vd2VpeGluLnFxLmNvbS9xLzAyUnlrWjRyZnZmNHIxdUdiLU5GMUgAAgQq13ppAwSA9AMA openidToken:null
26-01-29.15:01:45.236 [main            ] INFO  Application            - Starting Application using Java 1.8.0_472 on EkkoDeskTop with PID 63144 (D:\javacode\s-pay-new\s-pay-mall-web\target\classes started by Ekko in D:\javacode\s-pay-new)
26-01-29.15:01:45.237 [main            ] INFO  Application            - The following 1 profile is active: "dev"
26-01-29.15:01:46.083 [main            ] INFO  TomcatWebServer        - Tomcat initialized with port(s): 8080 (http)
26-01-29.15:01:46.089 [main            ] INFO  Http11NioProtocol      - Initializing ProtocolHandler ["http-nio-8080"]
26-01-29.15:01:46.090 [main            ] INFO  StandardService        - Starting service [Tomcat]
26-01-29.15:01:46.090 [main            ] INFO  StandardEngine         - Starting Servlet engine: [Apache Tomcat/9.0.75]
26-01-29.15:01:46.188 [main            ] INFO  [/]                    - Initializing Spring embedded WebApplicationContext
26-01-29.15:01:46.188 [main            ] INFO  ServletWebServerApplicationContext - Root WebApplicationContext: initialization completed in 915 ms
26-01-29.15:01:46.906 [main            ] INFO  Http11NioProtocol      - Starting ProtocolHandler ["http-nio-8080"]
26-01-29.15:01:46.940 [main            ] INFO  TomcatWebServer        - Tomcat started on port(s): 8080 (http) with context path ''
26-01-29.15:01:46.954 [main            ] INFO  Application            - Started Application in 2.087 seconds (JVM running for 2.393)
26-01-29.15:01:58.030 [http-nio-8080-exec-1] INFO  [/]                    - Initializing Spring DispatcherServlet 'dispatcherServlet'
26-01-29.15:01:58.030 [http-nio-8080-exec-1] INFO  DispatcherServlet      - Initializing Servlet 'dispatcherServlet'
26-01-29.15:01:58.031 [http-nio-8080-exec-1] INFO  DispatcherServlet      - Completed initialization in 1 ms
26-01-29.15:01:59.068 [http-nio-8080-exec-1] INFO  LoginController        - 生成微信扫码登录 ticket:gQF68DwAAAAAAAAAAS5odHRwOi8vd2VpeGluLnFxLmNvbS9xLzAyMTlRWDV0ZnZmNHIxdERXLWhGMXgAAgTnBXtpAwSA9AMA
26-01-29.15:02:35.600 [http-nio-8080-exec-9] INFO  WeixinPortalController - 接收微信公众号信息请求oTx_E20oBYvPGdNROLtvd0s92-Ds开始 <xml><ToUserName><![CDATA[gh_dfc60ef70ad8]]></ToUserName>
<FromUserName><![CDATA[oTx_E20oBYvPGdNROLtvd0s92-Ds]]></FromUserName>
<CreateTime>1769670155</CreateTime>
<MsgType><![CDATA[event]]></MsgType>
<Event><![CDATA[SCAN]]></Event>
<EventKey><![CDATA[100600]]></EventKey>
<Ticket><![CDATA[gQF68DwAAAAAAAAAAS5odHRwOi8vd2VpeGluLnFxLmNvbS9xLzAyMTlRWDV0ZnZmNHIxdERXLWhGMXgAAgTnBXtpAwSA9AMA]]></Ticket>
</xml>
26-01-29.15:02:48.823 [http-nio-8080-exec-4] INFO  LoginController        - 扫码检测登录结果 ticket:gQF68DwAAAAAAAAAAS5odHRwOi8vd2VpeGluLnFxLmNvbS9xLzAyMTlRWDV0ZnZmNHIxdERXLWhGMXgAAgTnBXtpAwSA9AMA openidToken:oTx_E20oBYvPGdNROLtvd0s92-Ds
